// Jest Snapshot v1, https://goo.gl/fbAQLP

exports[`electribe should do something 1`] = `
Object {
  "alternate13_14": true,
  "alternate15_16": true,
  "beat": "16",
  "chainRepeat": 0,
  "chainTo": 0,
  "chordSet": 3,
  "gateArp": 1,
  "key": "G",
  "keyId": 7,
  "length": 4,
  "level": 127,
  "mfx": "Looper",
  "mfxHold": false,
  "mfxId": 7,
  "name": "300Miles 2",
  "parts": Array [
    Object {
      "effect": Object {
        "edit": 53,
        "id": 33,
        "name": "Phaser Manual",
        "on": false,
      },
      "envelope": Object {
        "ampEG": true,
        "attack": 45,
        "decayRelease": 71,
        "level": 59,
        "pan": "R 40",
      },
      "filter": Object {
        "cutoff": 70,
        "egInt": 24,
        "id": 9,
        "name": Object {
          "name": "P5 HPF",
          "type": "HPF",
        },
        "resonance": 64,
      },
      "modulation": Object {
        "depth": 54,
        "id": 61,
        "name": Object {
          "bpmSync": true,
          "destination": "Filter Cutoff",
          "keySync": false,
          "name": "S&HBPM Filter",
          "source": "LFO (sample & hold)",
        },
        "speed": 97,
      },
      "name": "part 1",
      "oscillator": Object {
        "edit": 95,
        "glide": 38,
        "id": 263,
        "name": Object {
          "name": "Ahaa..",
          "type": "Voice",
        },
        "pitch": 63,
      },
      "settings": Object {
        "lastStep": 16,
        "mfxSend": true,
        "partPriority": "Normal",
        "voiceAssign": "Mono 2",
      },
    },
    Object {
      "effect": Object {
        "edit": 53,
        "id": 33,
        "name": "Phaser Manual",
        "on": false,
      },
      "envelope": Object {
        "ampEG": true,
        "attack": 45,
        "decayRelease": 71,
        "level": 59,
        "pan": "R 40",
      },
      "filter": Object {
        "cutoff": 70,
        "egInt": 24,
        "id": 9,
        "name": Object {
          "name": "P5 HPF",
          "type": "HPF",
        },
        "resonance": 64,
      },
      "modulation": Object {
        "depth": 54,
        "id": 61,
        "name": Object {
          "bpmSync": true,
          "destination": "Filter Cutoff",
          "keySync": false,
          "name": "S&HBPM Filter",
          "source": "LFO (sample & hold)",
        },
        "speed": 97,
      },
      "name": "part 2",
      "oscillator": Object {
        "edit": 95,
        "glide": 38,
        "id": 263,
        "name": Object {
          "name": "Ahaa..",
          "type": "Voice",
        },
        "pitch": 63,
      },
      "settings": Object {
        "lastStep": 16,
        "mfxSend": true,
        "partPriority": "Normal",
        "voiceAssign": "Mono 2",
      },
    },
    Object {
      "effect": Object {
        "edit": 53,
        "id": 33,
        "name": "Phaser Manual",
        "on": false,
      },
      "envelope": Object {
        "ampEG": true,
        "attack": 45,
        "decayRelease": 71,
        "level": 59,
        "pan": "R 40",
      },
      "filter": Object {
        "cutoff": 70,
        "egInt": 24,
        "id": 9,
        "name": Object {
          "name": "P5 HPF",
          "type": "HPF",
        },
        "resonance": 64,
      },
      "modulation": Object {
        "depth": 54,
        "id": 61,
        "name": Object {
          "bpmSync": true,
          "destination": "Filter Cutoff",
          "keySync": false,
          "name": "S&HBPM Filter",
          "source": "LFO (sample & hold)",
        },
        "speed": 97,
      },
      "name": "part 3",
      "oscillator": Object {
        "edit": 95,
        "glide": 38,
        "id": 263,
        "name": Object {
          "name": "Ahaa..",
          "type": "Voice",
        },
        "pitch": 63,
      },
      "settings": Object {
        "lastStep": 16,
        "mfxSend": true,
        "partPriority": "Normal",
        "voiceAssign": "Mono 2",
      },
    },
    Object {
      "effect": Object {
        "edit": 53,
        "id": 33,
        "name": "Phaser Manual",
        "on": false,
      },
      "envelope": Object {
        "ampEG": true,
        "attack": 45,
        "decayRelease": 71,
        "level": 59,
        "pan": "R 40",
      },
      "filter": Object {
        "cutoff": 70,
        "egInt": 24,
        "id": 9,
        "name": Object {
          "name": "P5 HPF",
          "type": "HPF",
        },
        "resonance": 64,
      },
      "modulation": Object {
        "depth": 54,
        "id": 61,
        "name": Object {
          "bpmSync": true,
          "destination": "Filter Cutoff",
          "keySync": false,
          "name": "S&HBPM Filter",
          "source": "LFO (sample & hold)",
        },
        "speed": 97,
      },
      "name": "part 4",
      "oscillator": Object {
        "edit": 95,
        "glide": 38,
        "id": 263,
        "name": Object {
          "name": "Ahaa..",
          "type": "Voice",
        },
        "pitch": 63,
      },
      "settings": Object {
        "lastStep": 16,
        "mfxSend": true,
        "partPriority": "Normal",
        "voiceAssign": "Mono 2",
      },
    },
    Object {
      "effect": Object {
        "edit": 53,
        "id": 33,
        "name": "Phaser Manual",
        "on": false,
      },
      "envelope": Object {
        "ampEG": true,
        "attack": 45,
        "decayRelease": 71,
        "level": 59,
        "pan": "R 40",
      },
      "filter": Object {
        "cutoff": 70,
        "egInt": 24,
        "id": 9,
        "name": Object {
          "name": "P5 HPF",
          "type": "HPF",
        },
        "resonance": 64,
      },
      "modulation": Object {
        "depth": 54,
        "id": 61,
        "name": Object {
          "bpmSync": true,
          "destination": "Filter Cutoff",
          "keySync": false,
          "name": "S&HBPM Filter",
          "source": "LFO (sample & hold)",
        },
        "speed": 97,
      },
      "name": "part 5",
      "oscillator": Object {
        "edit": 95,
        "glide": 38,
        "id": 263,
        "name": Object {
          "name": "Ahaa..",
          "type": "Voice",
        },
        "pitch": 63,
      },
      "settings": Object {
        "lastStep": 16,
        "mfxSend": true,
        "partPriority": "Normal",
        "voiceAssign": "Mono 2",
      },
    },
    Object {
      "effect": Object {
        "edit": 53,
        "id": 33,
        "name": "Phaser Manual",
        "on": false,
      },
      "envelope": Object {
        "ampEG": true,
        "attack": 45,
        "decayRelease": 71,
        "level": 59,
        "pan": "R 40",
      },
      "filter": Object {
        "cutoff": 70,
        "egInt": 24,
        "id": 9,
        "name": Object {
          "name": "P5 HPF",
          "type": "HPF",
        },
        "resonance": 64,
      },
      "modulation": Object {
        "depth": 54,
        "id": 61,
        "name": Object {
          "bpmSync": true,
          "destination": "Filter Cutoff",
          "keySync": false,
          "name": "S&HBPM Filter",
          "source": "LFO (sample & hold)",
        },
        "speed": 97,
      },
      "name": "part 6",
      "oscillator": Object {
        "edit": 95,
        "glide": 38,
        "id": 263,
        "name": Object {
          "name": "Ahaa..",
          "type": "Voice",
        },
        "pitch": 63,
      },
      "settings": Object {
        "lastStep": 16,
        "mfxSend": true,
        "partPriority": "Normal",
        "voiceAssign": "Mono 2",
      },
    },
    Object {
      "effect": Object {
        "edit": 53,
        "id": 33,
        "name": "Phaser Manual",
        "on": false,
      },
      "envelope": Object {
        "ampEG": true,
        "attack": 45,
        "decayRelease": 71,
        "level": 59,
        "pan": "R 40",
      },
      "filter": Object {
        "cutoff": 70,
        "egInt": 24,
        "id": 9,
        "name": Object {
          "name": "P5 HPF",
          "type": "HPF",
        },
        "resonance": 64,
      },
      "modulation": Object {
        "depth": 54,
        "id": 61,
        "name": Object {
          "bpmSync": true,
          "destination": "Filter Cutoff",
          "keySync": false,
          "name": "S&HBPM Filter",
          "source": "LFO (sample & hold)",
        },
        "speed": 97,
      },
      "name": "part 7",
      "oscillator": Object {
        "edit": 95,
        "glide": 38,
        "id": 263,
        "name": Object {
          "name": "Ahaa..",
          "type": "Voice",
        },
        "pitch": 63,
      },
      "settings": Object {
        "lastStep": 16,
        "mfxSend": true,
        "partPriority": "Normal",
        "voiceAssign": "Mono 2",
      },
    },
    Object {
      "effect": Object {
        "edit": 53,
        "id": 33,
        "name": "Phaser Manual",
        "on": false,
      },
      "envelope": Object {
        "ampEG": true,
        "attack": 45,
        "decayRelease": 71,
        "level": 59,
        "pan": "R 40",
      },
      "filter": Object {
        "cutoff": 70,
        "egInt": 24,
        "id": 9,
        "name": Object {
          "name": "P5 HPF",
          "type": "HPF",
        },
        "resonance": 64,
      },
      "modulation": Object {
        "depth": 54,
        "id": 61,
        "name": Object {
          "bpmSync": true,
          "destination": "Filter Cutoff",
          "keySync": false,
          "name": "S&HBPM Filter",
          "source": "LFO (sample & hold)",
        },
        "speed": 97,
      },
      "name": "part 8",
      "oscillator": Object {
        "edit": 95,
        "glide": 38,
        "id": 263,
        "name": Object {
          "name": "Ahaa..",
          "type": "Voice",
        },
        "pitch": 63,
      },
      "settings": Object {
        "lastStep": 16,
        "mfxSend": true,
        "partPriority": "Normal",
        "voiceAssign": "Mono 2",
      },
    },
    Object {
      "effect": Object {
        "edit": 53,
        "id": 33,
        "name": "Phaser Manual",
        "on": false,
      },
      "envelope": Object {
        "ampEG": true,
        "attack": 45,
        "decayRelease": 71,
        "level": 59,
        "pan": "R 40",
      },
      "filter": Object {
        "cutoff": 70,
        "egInt": 24,
        "id": 9,
        "name": Object {
          "name": "P5 HPF",
          "type": "HPF",
        },
        "resonance": 64,
      },
      "modulation": Object {
        "depth": 54,
        "id": 61,
        "name": Object {
          "bpmSync": true,
          "destination": "Filter Cutoff",
          "keySync": false,
          "name": "S&HBPM Filter",
          "source": "LFO (sample & hold)",
        },
        "speed": 97,
      },
      "name": "part 9",
      "oscillator": Object {
        "edit": 95,
        "glide": 38,
        "id": 263,
        "name": Object {
          "name": "Ahaa..",
          "type": "Voice",
        },
        "pitch": 63,
      },
      "settings": Object {
        "lastStep": 16,
        "mfxSend": true,
        "partPriority": "Normal",
        "voiceAssign": "Mono 2",
      },
    },
    Object {
      "effect": Object {
        "edit": 53,
        "id": 33,
        "name": "Phaser Manual",
        "on": false,
      },
      "envelope": Object {
        "ampEG": true,
        "attack": 45,
        "decayRelease": 71,
        "level": 59,
        "pan": "R 40",
      },
      "filter": Object {
        "cutoff": 70,
        "egInt": 24,
        "id": 9,
        "name": Object {
          "name": "P5 HPF",
          "type": "HPF",
        },
        "resonance": 64,
      },
      "modulation": Object {
        "depth": 54,
        "id": 61,
        "name": Object {
          "bpmSync": true,
          "destination": "Filter Cutoff",
          "keySync": false,
          "name": "S&HBPM Filter",
          "source": "LFO (sample & hold)",
        },
        "speed": 97,
      },
      "name": "part 10",
      "oscillator": Object {
        "edit": 95,
        "glide": 38,
        "id": 263,
        "name": Object {
          "name": "Ahaa..",
          "type": "Voice",
        },
        "pitch": 63,
      },
      "settings": Object {
        "lastStep": 16,
        "mfxSend": true,
        "partPriority": "Normal",
        "voiceAssign": "Mono 2",
      },
    },
    Object {
      "effect": Object {
        "edit": 53,
        "id": 33,
        "name": "Phaser Manual",
        "on": false,
      },
      "envelope": Object {
        "ampEG": true,
        "attack": 45,
        "decayRelease": 71,
        "level": 59,
        "pan": "R 40",
      },
      "filter": Object {
        "cutoff": 70,
        "egInt": 24,
        "id": 9,
        "name": Object {
          "name": "P5 HPF",
          "type": "HPF",
        },
        "resonance": 64,
      },
      "modulation": Object {
        "depth": 54,
        "id": 61,
        "name": Object {
          "bpmSync": true,
          "destination": "Filter Cutoff",
          "keySync": false,
          "name": "S&HBPM Filter",
          "source": "LFO (sample & hold)",
        },
        "speed": 97,
      },
      "name": "part 11",
      "oscillator": Object {
        "edit": 95,
        "glide": 38,
        "id": 263,
        "name": Object {
          "name": "Ahaa..",
          "type": "Voice",
        },
        "pitch": 63,
      },
      "settings": Object {
        "lastStep": 16,
        "mfxSend": true,
        "partPriority": "Normal",
        "voiceAssign": "Mono 2",
      },
    },
    Object {
      "effect": Object {
        "edit": 53,
        "id": 33,
        "name": "Phaser Manual",
        "on": false,
      },
      "envelope": Object {
        "ampEG": true,
        "attack": 45,
        "decayRelease": 71,
        "level": 59,
        "pan": "R 40",
      },
      "filter": Object {
        "cutoff": 70,
        "egInt": 24,
        "id": 9,
        "name": Object {
          "name": "P5 HPF",
          "type": "HPF",
        },
        "resonance": 64,
      },
      "modulation": Object {
        "depth": 54,
        "id": 61,
        "name": Object {
          "bpmSync": true,
          "destination": "Filter Cutoff",
          "keySync": false,
          "name": "S&HBPM Filter",
          "source": "LFO (sample & hold)",
        },
        "speed": 97,
      },
      "name": "part 12",
      "oscillator": Object {
        "edit": 95,
        "glide": 38,
        "id": 263,
        "name": Object {
          "name": "Ahaa..",
          "type": "Voice",
        },
        "pitch": 63,
      },
      "settings": Object {
        "lastStep": 16,
        "mfxSend": true,
        "partPriority": "Normal",
        "voiceAssign": "Mono 2",
      },
    },
    Object {
      "effect": Object {
        "edit": 53,
        "id": 33,
        "name": "Phaser Manual",
        "on": false,
      },
      "envelope": Object {
        "ampEG": true,
        "attack": 45,
        "decayRelease": 71,
        "level": 59,
        "pan": "R 40",
      },
      "filter": Object {
        "cutoff": 70,
        "egInt": 24,
        "id": 9,
        "name": Object {
          "name": "P5 HPF",
          "type": "HPF",
        },
        "resonance": 64,
      },
      "modulation": Object {
        "depth": 54,
        "id": 61,
        "name": Object {
          "bpmSync": true,
          "destination": "Filter Cutoff",
          "keySync": false,
          "name": "S&HBPM Filter",
          "source": "LFO (sample & hold)",
        },
        "speed": 97,
      },
      "name": "part 13",
      "oscillator": Object {
        "edit": 95,
        "glide": 38,
        "id": 263,
        "name": Object {
          "name": "Ahaa..",
          "type": "Voice",
        },
        "pitch": 63,
      },
      "settings": Object {
        "lastStep": 16,
        "mfxSend": true,
        "partPriority": "Normal",
        "voiceAssign": "Mono 2",
      },
    },
    Object {
      "effect": Object {
        "edit": 53,
        "id": 33,
        "name": "Phaser Manual",
        "on": false,
      },
      "envelope": Object {
        "ampEG": true,
        "attack": 45,
        "decayRelease": 71,
        "level": 59,
        "pan": "R 40",
      },
      "filter": Object {
        "cutoff": 70,
        "egInt": 24,
        "id": 9,
        "name": Object {
          "name": "P5 HPF",
          "type": "HPF",
        },
        "resonance": 64,
      },
      "modulation": Object {
        "depth": 54,
        "id": 61,
        "name": Object {
          "bpmSync": true,
          "destination": "Filter Cutoff",
          "keySync": false,
          "name": "S&HBPM Filter",
          "source": "LFO (sample & hold)",
        },
        "speed": 97,
      },
      "name": "part 14",
      "oscillator": Object {
        "edit": 95,
        "glide": 38,
        "id": 263,
        "name": Object {
          "name": "Ahaa..",
          "type": "Voice",
        },
        "pitch": 63,
      },
      "settings": Object {
        "lastStep": 16,
        "mfxSend": true,
        "partPriority": "Normal",
        "voiceAssign": "Mono 2",
      },
    },
    Object {
      "effect": Object {
        "edit": 53,
        "id": 33,
        "name": "Phaser Manual",
        "on": false,
      },
      "envelope": Object {
        "ampEG": true,
        "attack": 45,
        "decayRelease": 71,
        "level": 59,
        "pan": "R 40",
      },
      "filter": Object {
        "cutoff": 70,
        "egInt": 24,
        "id": 9,
        "name": Object {
          "name": "P5 HPF",
          "type": "HPF",
        },
        "resonance": 64,
      },
      "modulation": Object {
        "depth": 54,
        "id": 61,
        "name": Object {
          "bpmSync": true,
          "destination": "Filter Cutoff",
          "keySync": false,
          "name": "S&HBPM Filter",
          "source": "LFO (sample & hold)",
        },
        "speed": 97,
      },
      "name": "part 15",
      "oscillator": Object {
        "edit": 95,
        "glide": 38,
        "id": 263,
        "name": Object {
          "name": "Ahaa..",
          "type": "Voice",
        },
        "pitch": 63,
      },
      "settings": Object {
        "lastStep": 16,
        "mfxSend": true,
        "partPriority": "Normal",
        "voiceAssign": "Mono 2",
      },
    },
    Object {
      "effect": Object {
        "edit": 53,
        "id": 33,
        "name": "Phaser Manual",
        "on": false,
      },
      "envelope": Object {
        "ampEG": true,
        "attack": 45,
        "decayRelease": 71,
        "level": 59,
        "pan": "R 40",
      },
      "filter": Object {
        "cutoff": 70,
        "egInt": 24,
        "id": 9,
        "name": Object {
          "name": "P5 HPF",
          "type": "HPF",
        },
        "resonance": 64,
      },
      "modulation": Object {
        "depth": 54,
        "id": 61,
        "name": Object {
          "bpmSync": true,
          "destination": "Filter Cutoff",
          "keySync": false,
          "name": "S&HBPM Filter",
          "source": "LFO (sample & hold)",
        },
        "speed": 97,
      },
      "name": "part 16",
      "oscillator": Object {
        "edit": 95,
        "glide": 38,
        "id": 263,
        "name": Object {
          "name": "Ahaa..",
          "type": "Voice",
        },
        "pitch": 63,
      },
      "settings": Object {
        "lastStep": 16,
        "mfxSend": true,
        "partPriority": "Normal",
        "voiceAssign": "Mono 2",
      },
    },
  ],
  "scale": "Dorian",
  "scaleId": 2,
  "swing": 10,
  "tempo": 1020,
}
`;
